2026-04-08T15:07:41.459+0200 [DEBUG] [org.gradle.launcher.daemon.bootstrap.DaemonMain] Assuming the daemon was started with following jvm opts: [-XX:MaxMetaspaceSize=384m, -XX:+HeapDumpOnOutOfMemoryError, -Xms256m, -Xmx512m, -Dfile.encoding=UTF-8, -Duser.country, -Duser.language=en, -Duser.variant]
2026-04-08T15:07:41.564+0200 [DEBUG] [org.gradle.internal.remote.internal.inet.InetAddresses] Adding IP addresses for network interface docker0
2026-04-08T15:07:41.565+0200 [DEBUG] [org.gradle.internal.remote.internal.inet.InetAddresses] Is this a loopback interface? false
2026-04-08T15:07:41.565+0200 [DEBUG] [org.gradle.internal.remote.internal.inet.InetAddresses] Adding remote address /172.17.0.1
2026-04-08T15:07:41.565+0200 [DEBUG] [org.gradle.internal.remote.internal.inet.InetAddresses] Adding IP addresses for network interface wlp3s0
2026-04-08T15:07:41.566+0200 [DEBUG] [org.gradle.internal.remote.internal.inet.InetAddresses] Is this a loopback interface? false
2026-04-08T15:07:41.566+0200 [DEBUG] [org.gradle.internal.remote.internal.inet.InetAddresses] Adding remote address /fe80:0:0:0:a4cb:1996:829f:112a%wlp3s0
2026-04-08T15:07:41.566+0200 [DEBUG] [org.gradle.internal.remote.internal.inet.InetAddresses] Adding remote address /10.1.6.51
2026-04-08T15:07:41.566+0200 [DEBUG] [org.gradle.internal.remote.internal.inet.InetAddresses] Adding IP addresses for network interface lo
2026-04-08T15:07:41.566+0200 [DEBUG] [org.gradle.internal.remote.internal.inet.InetAddresses] Is this a loopback interface? true
2026-04-08T15:07:41.566+0200 [DEBUG] [org.gradle.internal.remote.internal.inet.InetAddresses] Adding loopback address /0:0:0:0:0:0:0:1%lo
2026-04-08T15:07:41.567+0200 [DEBUG] [org.gradle.internal.remote.internal.inet.InetAddresses] Adding loopback address /127.0.0.1
2026-04-08T15:07:41.615+0200 [INFO] [org.gradle.launcher.daemon.server.Daemon] start() called on daemon - DefaultDaemonContext[uid=163429df-5923-40e4-8bd7-4fcf7b85ca93,javaHome=/home/dukanx/.jdks/temurin-21.0.10,javaVersion=21,javaVendor=Eclipse Adoptium,daemonRegistryDir=/home/dukanx/Documents/Village Booker/backend/vb/.gradle-local/daemon,pid=37590,idleTimeout=10800000,priority=NORMAL,applyInstrumentationAgent=true,nativeServicesMode=ENABLED,daemonOpts=-XX:MaxMetaspaceSize=384m,-XX:+HeapDumpOnOutOfMemoryError,-Xms256m,-Xmx512m,-Dfile.encoding=UTF-8,-Duser.country,-Duser.language=en,-Duser.variant]
2026-04-08T15:07:41.622+0200 [DEBUG] [org.gradle.internal.remote.internal.inet.TcpIncomingConnector] Listening on [fba4dc19-ae73-4253-950b-e2494582b508 port:40861, addresses:[localhost/127.0.0.1]].
2026-04-08T15:07:41.638+0200 [DEBUG] [org.gradle.launcher.daemon.server.Daemon] Daemon starting at: Wed Apr 08 15:07:41 CEST 2026, with address: [fba4dc19-ae73-4253-950b-e2494582b508 port:40861, addresses:[localhost/127.0.0.1]]
2026-04-08T15:07:41.638+0200 [INFO] [org.gradle.launcher.daemon.server.DaemonRegistryUpdater] Advertising the daemon address to the clients: [fba4dc19-ae73-4253-950b-e2494582b508 port:40861, addresses:[localhost/127.0.0.1]]
2026-04-08T15:07:41.638+0200 [DEBUG] [org.gradle.launcher.daemon.server.DaemonRegistryUpdater] Advertised daemon context: DefaultDaemonContext[uid=163429df-5923-40e4-8bd7-4fcf7b85ca93,javaHome=/home/dukanx/.jdks/temurin-21.0.10,javaVersion=21,javaVendor=Eclipse Adoptium,daemonRegistryDir=/home/dukanx/Documents/Village Booker/backend/vb/.gradle-local/daemon,pid=37590,idleTimeout=10800000,priority=NORMAL,applyInstrumentationAgent=true,nativeServicesMode=ENABLED,daemonOpts=-XX:MaxMetaspaceSize=384m,-XX:+HeapDumpOnOutOfMemoryError,-Xms256m,-Xmx512m,-Dfile.encoding=UTF-8,-Duser.country,-Duser.language=en,-Duser.variant]
2026-04-08T15:07:41.639+0200 [DEBUG] [org.gradle.launcher.daemon.registry.PersistentDaemonRegistry] Storing daemon address: [fba4dc19-ae73-4253-950b-e2494582b508 port:40861, addresses:[localhost/127.0.0.1]], context: DefaultDaemonContext[uid=163429df-5923-40e4-8bd7-4fcf7b85ca93,javaHome=/home/dukanx/.jdks/temurin-21.0.10,javaVersion=21,javaVendor=Eclipse Adoptium,daemonRegistryDir=/home/dukanx/Documents/Village Booker/backend/vb/.gradle-local/daemon,pid=37590,idleTimeout=10800000,priority=NORMAL,applyInstrumentationAgent=true,nativeServicesMode=ENABLED,daemonOpts=-XX:MaxMetaspaceSize=384m,-XX:+HeapDumpOnOutOfMemoryError,-Xms256m,-Xmx512m,-Dfile.encoding=UTF-8,-Duser.country,-Duser.language=en,-Duser.variant]
2026-04-08T15:07:41.645+0200 [DEBUG] [org.gradle.cache.internal.DefaultFileLockManager] Waiting to acquire exclusive lock on daemon addresses registry.
2026-04-08T15:07:41.648+0200 [DEBUG] [org.gradle.cache.internal.DefaultFileLockManager] Lock acquired on daemon addresses registry.
2026-04-08T15:07:41.653+0200 [DEBUG] [org.gradle.cache.internal.DefaultFileLockManager] Releasing lock on daemon addresses registry.
2026-04-08T15:07:41.653+0200 [LIFECYCLE] [org.gradle.launcher.daemon.server.Daemon] Daemon server started.
2026-04-08T15:07:41.654+0200 [DEBUG] [org.gradle.launcher.daemon.bootstrap.DaemonStartupCommunication] Completed writing the daemon greeting. Closing streams...
2026-04-08T15:07:41.662+0200 [DEBUG] [org.gradle.launcher.daemon.server.Daemon] stopOnExpiration() called on daemon
2026-04-08T15:07:41.664+0200 [DEBUG] [org.gradle.launcher.daemon.server.Daemon] awaitExpiration() called on daemon
2026-04-08T15:07:41.664+0200 [DEBUG] [org.gradle.launcher.daemon.server.DaemonStateCoordinator] daemon is running. Sleeping until state changes.
2026-04-08T15:07:41.667+0200 [DEBUG] [org.gradle.internal.remote.internal.inet.TcpIncomingConnector] Accepted connection from /127.0.0.1:35170 to /127.0.0.1:40861.
2026-04-08T15:07:41.688+0200 [DEBUG] [org.gradle.launcher.daemon.server.SynchronizedDispatchConnection] thread 32: received class org.gradle.launcher.daemon.protocol.Build
2026-04-08T15:07:41.689+0200 [DEBUG] [org.gradle.launcher.daemon.server.DefaultDaemonConnection] thread 32: Received non-IO message from client: Build{id=a4be2dc5-56b1-4c16-957d-067c2cd64436, currentDir=/home/dukanx/Documents/Village Booker/backend/vb}
2026-04-08T15:07:41.689+0200 [INFO] [org.gradle.launcher.daemon.server.DefaultIncomingConnectionHandler] Received command: Build{id=a4be2dc5-56b1-4c16-957d-067c2cd64436, currentDir=/home/dukanx/Documents/Village Booker/backend/vb}.
2026-04-08T15:07:41.690+0200 [DEBUG] [org.gradle.launcher.daemon.server.DefaultIncomingConnectionHandler] Starting executing command: Build{id=a4be2dc5-56b1-4c16-957d-067c2cd64436, currentDir=/home/dukanx/Documents/Village Booker/backend/vb} with connection: socket connection from /127.0.0.1:40861 to /127.0.0.1:35170.
2026-04-08T15:07:41.692+0200 [DEBUG] [org.gradle.launcher.daemon.server.DaemonStateCoordinator] Command execution: started DaemonCommandExecution[command = Build{id=a4be2dc5-56b1-4c16-957d-067c2cd64436, currentDir=/home/dukanx/Documents/Village Booker/backend/vb}, connection = DefaultDaemonConnection: socket connection from /127.0.0.1:40861 to /127.0.0.1:35170] after 0.0012333333333333332 minutes of idle
2026-04-08T15:07:41.693+0200 [INFO] [org.gradle.launcher.daemon.server.DaemonRegistryUpdater] Marking the daemon as busy, address: [fba4dc19-ae73-4253-950b-e2494582b508 port:40861, addresses:[localhost/127.0.0.1]]
2026-04-08T15:07:41.693+0200 [DEBUG] [org.gradle.launcher.daemon.registry.PersistentDaemonRegistry] Marking busy by address: [fba4dc19-ae73-4253-950b-e2494582b508 port:40861, addresses:[localhost/127.0.0.1]]
2026-04-08T15:07:41.694+0200 [DEBUG] [org.gradle.cache.internal.DefaultFileLockManager] Waiting to acquire exclusive lock on daemon addresses registry.
2026-04-08T15:07:41.694+0200 [DEBUG] [org.gradle.cache.internal.DefaultFileLockManager] Lock acquired on daemon addresses registry.
2026-04-08T15:07:41.695+0200 [DEBUG] [org.gradle.cache.internal.DefaultFileLockManager] Releasing lock on daemon addresses registry.
2026-04-08T15:07:41.696+0200 [DEBUG] [org.gradle.launcher.daemon.server.DaemonStateCoordinator] resetting idle timer
2026-04-08T15:07:41.696+0200 [DEBUG] [org.gradle.launcher.daemon.server.DaemonStateCoordinator] daemon is running. Sleeping until state changes.
2026-04-08T15:07:41.697+0200 [INFO] [org.gradle.launcher.daemon.server.exec.StartBuildOrRespondWithBusy] Daemon is about to start building Build{id=a4be2dc5-56b1-4c16-957d-067c2cd64436, currentDir=/home/dukanx/Documents/Village Booker/backend/vb}. Dispatching build started information...
2026-04-08T15:07:41.697+0200 [DEBUG] [org.gradle.launcher.daemon.server.SynchronizedDispatchConnection] thread 34: dispatching org.gradle.launcher.daemon.protocol.BuildStarted@4785f503
2026-04-08T15:07:41.698+0200 [DEBUG] [org.gradle.launcher.daemon.server.exec.EstablishBuildEnvironment] Configuring env variables: [PATH, XAUTHORITY, INVOCATION_ID, XMODIFIERS, XDG_DATA_DIRS, GDMSESSION, SNAP_COMMON, GIT_PAGER, SNAP_INSTANCE_KEY, DBUS_SESSION_BUS_ADDRESS, SNAP_USER_COMMON, XDG_ACTIVATION_TOKEN, SNAP_REVISION, XDG_CURRENT_DESKTOP, JOURNAL_STREAM, GH_PAGER, GSM_SKIP_SSH_AGENT_WORKAROUND, COLORTERM, USERNAME, SESSION_MANAGER, LOGNAME, MANAGERPID, PWD, SNAP_UID, IM_CONFIG_PHASE, GJS_DEBUG_TOPICS, NVM_CD_FLAGS, SHELL, LESSOPEN, CODEX_SANDBOX_NETWORK_DISABLED, PAGER, GIO_LAUNCHED_DESKTOP_FILE, CODEX_HOME, CLUTTER_DISABLE_MIPMAPPED_TEXT, GNOME_DESKTOP_SESSION_ID, GTK_MODULES, LC_ALL, SNAP_ARCH, DEBUGINFOD_URLS, DOTNET_BUNDLE_EXTRACT_BASE_DIR, LC_CTYPE, SYSTEMD_EXEC_PID, SNAP_LIBRARY_PATH, LS_COLORS, XDG_SESSION_DESKTOP, GNOME_SETUP_DISPLAY, SHLVL, SNAP_EUID, MEMORY_PRESSURE_WRITE, LESSCLOSE, SNAP_NAME, QT_IM_MODULE, JAVA_HOME, MEMORY_PRESSURE_WATCH, TERM, XDG_CONFIG_DIRS, SNAP_INSTANCE_NAME, LANG, XDG_SESSION_TYPE, SNAP_USER_DATA, DISPLAY, NVM_INC, GRADLE_USER_HOME, WAYLAND_DISPLAY, SNAP_REEXEC, CODEX_THREAD_ID, NO_COLOR, SNAP_VERSION, XDG_SESSION_CLASS, _, CODEX_CI, SNAP_DATA, NVM_DIR, CODEX_PATH, DESKTOP_SESSION, USER, SNAP, DESKTOP_STARTUP_ID, XDG_MENU_PREFIX, SNAP_REAL_HOME, GIO_LAUNCHED_DESKTOP_FILE_PID, QT_ACCESSIBILITY, GJS_DEBUG_OUTPUT, SSH_AUTH_SOCK, GNOME_SHELL_SESSION_MODE, IM_CONFIG_CHECK_ENV, SNAP_CONTEXT, XDG_RUNTIME_DIR, NVM_BIN, HOME, SNAP_COOKIE]
2026-04-08T15:07:41.703+0200 [DEBUG] [org.gradle.launcher.daemon.server.exec.LogToClient] About to start relaying all logs to the client via the connection.
2026-04-08T15:07:41.703+0200 [INFO] [org.gradle.launcher.daemon.server.exec.LogToClient] The client will now receive all logging from the daemon (pid: 37590). The daemon log file: /home/dukanx/Documents/Village Booker/backend/vb/.gradle-local/daemon/9.3.1/daemon-37590.out.log
2026-04-08T15:07:41.705+0200 [INFO] [org.gradle.launcher.daemon.server.exec.LogAndCheckHealth] Starting build in new daemon [memory: 512 MiB]
2026-04-08T15:07:41.709+0200 [DEBUG] [org.gradle.launcher.daemon.server.exec.ExecuteBuild] The daemon has started executing the build.
2026-04-08T15:07:41.709+0200 [DEBUG] [org.gradle.launcher.daemon.server.exec.ExecuteBuild] Executing build with daemon context: DefaultDaemonContext[uid=163429df-5923-40e4-8bd7-4fcf7b85ca93,javaHome=/home/dukanx/.jdks/temurin-21.0.10,javaVersion=21,javaVendor=Eclipse Adoptium,daemonRegistryDir=/home/dukanx/Documents/Village Booker/backend/vb/.gradle-local/daemon,pid=37590,idleTimeout=10800000,priority=NORMAL,applyInstrumentationAgent=true,nativeServicesMode=ENABLED,daemonOpts=-XX:MaxMetaspaceSize=384m,-XX:+HeapDumpOnOutOfMemoryError,-Xms256m,-Xmx512m,-Dfile.encoding=UTF-8,-Duser.country,-Duser.language=en,-Duser.variant]

  .   ____          _            __ _ _
 /\\ / ___'_ __ _ _(_)_ __  __ _ \ \ \ \
( ( )\___ | '_ | '_| | '_ \/ _` | \ \ \ \
 \\/  ___)| |_)| | | | | || (_| |  ) ) ) )
  '  |____| .__|_| |_|_| |_\__, | / / / /
 =========|_|==============|___/=/_/_/_/

 :: Spring Boot ::                (v4.0.3)

2026-04-08T15:08:41.529+02:00  INFO 38113 --- [village-booker] [  restartedMain] com.example.demo.VillageBookerApplication         : Starting DemoApplication using Java 21.0.10 with PID 38113 (/home/dukanx/Documents/Village Booker/backend/vb/build/classes/java/main started by dukanx in /home/dukanx/Documents/Village Booker/backend/vb)
2026-04-08T15:08:41.531+02:00  INFO 38113 --- [village-booker] [  restartedMain] com.example.demo.VillageBookerApplication         : No active profile set, falling back to 1 default profile: "default"
2026-04-08T15:08:41.565+02:00  INFO 38113 --- [village-booker] [  restartedMain] .e.DevToolsPropertyDefaultsPostProcessor : Devtools property defaults active! Set 'spring.devtools.add-properties' to 'false' to disable
2026-04-08T15:08:41.565+02:00  INFO 38113 --- [village-booker] [  restartedMain] .e.DevToolsPropertyDefaultsPostProcessor : For additional web related logging consider setting the 'logging.level.web' property to 'DEBUG'
2026-04-08T15:08:42.288+02:00  INFO 38113 --- [village-booker] [  restartedMain] o.s.boot.tomcat.TomcatWebServer          : Tomcat initialized with port 8080 (http)
2026-04-08T15:08:42.298+02:00  INFO 38113 --- [village-booker] [  restartedMain] o.apache.catalina.core.StandardService   : Starting service [Tomcat]
2026-04-08T15:08:42.299+02:00  INFO 38113 --- [village-booker] [  restartedMain] o.apache.catalina.core.StandardEngine    : Starting Servlet engine: [Apache Tomcat/11.0.18]
2026-04-08T15:08:42.323+02:00  INFO 38113 --- [village-booker] [  restartedMain] b.w.c.s.WebApplicationContextInitializer : Root WebApplicationContext: initialization completed in 757 ms
2026-04-08T15:08:42.582+02:00  WARN 38113 --- [village-booker] [  restartedMain] .s.a.UserDetailsServiceAutoConfiguration : 

Using generated security password: 6a7fed19-d152-4996-9077-f8f2a7829d8d

This generated password is for development use only. Your security configuration must be updated before running your application in production.

2026-04-08T15:08:42.621+02:00  INFO 38113 --- [village-booker] [  restartedMain] r$InitializeUserDetailsManagerConfigurer : Global AuthenticationManager configured with UserDetailsService bean with name inMemoryUserDetailsManager
2026-04-08T15:08:42.740+02:00  INFO 38113 --- [village-booker] [  restartedMain] o.s.boot.tomcat.TomcatWebServer          : Tomcat started on port 8080 (http) with context path '/'
2026-04-08T15:08:42.745+02:00  INFO 38113 --- [village-booker] [  restartedMain] com.example.demo.VillageBookerApplication         : Started DemoApplication in 1.482 seconds (process running for 1.781)
---------------------------------
RADI! Java 17 i Spring su podignuti.
---------------------------------
Daemon vm is shutting down... The daemon has exited normally or was terminated in response to a user interrupt.
2026-04-08T15:10:23.275+02:00  INFO 38113 --- [village-booker] [ionShutdownHook] o.s.boot.tomcat.GracefulShutdown         : Commencing graceful shutdown. Waiting for active requests to complete
Remove shutdown hook failed
java.lang.IllegalStateException: Shutdown in progress
	at java.base/java.lang.ApplicationShutdownHooks.remove(ApplicationShutdownHooks.java:83)
	at java.base/java.lang.Runtime.removeShutdownHook(Runtime.java:281)
	at org.gradle.process.internal.shutdown.ShutdownHooks.removeShutdownHook(ShutdownHooks.java:38)
	at org.gradle.process.internal.DefaultExecHandle.setEndStateInfo(DefaultExecHandle.java:212)
	at org.gradle.process.internal.DefaultExecHandle.aborted(DefaultExecHandle.java:403)
	at org.gradle.process.internal.ExecHandleRunner.completed(ExecHandleRunner.java:162)
	at org.gradle.process.internal.ExecHandleRunner.lambda$run$2(ExecHandleRunner.java:127)
	at org.gradle.internal.operations.CurrentBuildOperationRef.with(CurrentBuildOperationRef.java:84)
	at org.gradle.process.internal.ExecHandleRunner.run(ExecHandleRunner.java:125)
	at org.gradle.internal.concurrent.ExecutorPolicy$CatchAndRecordFailures.onExecute(ExecutorPolicy.java:64)
	at org.gradle.internal.concurrent.AbstractManagedExecutor$1.run(AbstractManagedExecutor.java:47)
	at java.base/java.util.concurrent.ThreadPoolExecutor.runWorker(ThreadPoolExecutor.java:1144)
	at java.base/java.util.concurrent.ThreadPoolExecutor$Worker.run(ThreadPoolExecutor.java:642)
	at java.base/java.lang.Thread.run(Thread.java:1583)
